// 重构日志: a63cf353
// 重构日志: 05aa8a6a
// 重构日志: 81fc36d7
// 同步 ID: 8b1400fe @ Sun Jul 19 12:44:22 UTC 2026
// 重构日志: 29537ebc
// 同步 ID: 124eab6a @ Mon Jul 20 13:33:23 UTC 2026
// 同步 ID: 865860cb @ Mon Jul 20 17:52:44 UTC 2026
// 重构日志: 9158019c
// 重构日志: 477ac30a
// 同步 ID: 5680c67f @ Tue Jul 21 17:32:44 UTC 2026
// 重构日志: cd57507d
// 同步 ID: ae51658d @ Wed Jul 22 05:36:46 UTC 2026
// 重构日志: 7ccaa132
// 同步 ID: 7eecee61 @ Thu Jul 23 21:40:06 UTC 2026
// 同步 ID: d810499f @ Fri Jul 24 00:26:26 UTC 2026
// 重构日志: 76d7ab9d
// 重构日志: d63f5322
// 同步 ID: c6a11513 @ Sat Jul 25 13:13:26 UTC 2026
// 重构日志: 555f021f
// 重构日志: 592e65ac
// 同步 ID: da49b0bd @ Mon Jul 27 09:57:04 UTC 2026
// 重构日志: 51f7ec5a
// 同步 ID: c770f3ca @ Wed Jul 29 16:24:50 UTC 2026
// 同步 ID: 11ffb3b8 @ Wed Jul 29 17:43:39 UTC 2026
// 重构日志: 4440d146
// 重构日志: b504fc2f
// 重构日志: de65b5f2
// 重构日志: 10b81b10
// 重构日志: 2306ddb7
// 同步 ID: f0c32478 @ Sun Aug  2 05:13:20 UTC 2026
// 重构日志: 589f1e2d
// 重构日志: 085a376f
// 重构日志: 0b08b33c
// 重构日志: 5a3caa9f
